      id_tweets      | length 
---------------------+--------
 1345158404080328705 |    111
 1345158968541265920 |    150
 1347694832328732673 |    271
 1347695181781495808 |     46
(4 rows)

