 country_code | count 
--------------+-------
 ar           |     2
 es           |     2
 it           |     2
 au           |     1
 gb           |     1
 jp           |     1
 us           |     1
(7 rows)

